2026-07-20 08:15:22 IP: 192.168.1.105 - Status: Failed login attempt for user 'admin'
2026-07-20 08:16:01 IP: 10.0.0.42 - Status: Successful login for user 'fatwork'
2026-07-20 08:16:01 IP:  - Status: Successful login for user 'fatwork'
2026-07-20 08:18:45 IP: 192.168.1.105 - Status: Failed login attempt for user 'admin'
2026-07-20 08:20:11 IP: 172.16.254.1 - Status: Failed login attempt for user 'root'
